exports[`test renders correctly 1`] = `
<button
  className="btn btn-default undefined"
  onClick={undefined}
  type="submit">
  qwe
</button>
`;
