exports[`test renders correctly 1`] = `
<input
  onChange={[Function]}
  type="text"
  value="qwe" />
`;
